// Jest Snapshot v1, https://goo.gl/fbAQLP

exports[`Matches Snack Menu snapshot 1`] = `<DocumentFragment />`;
